
Running 46 tests using 2 workers

(node:73645) Warning: The 'NO_COLOR' env is ignored due to the 'FORCE_COLOR' env being set.
(Use `node --trace-warnings ...` to show where the warning was created)
(node:73644) Warning: The 'NO_COLOR' env is ignored due to the 'FORCE_COLOR' env being set.
(Use `node --trace-warnings ...` to show where the warning was created)
  ✓   1 [chromium] › e2e/rune-guest-lounge-phase1.1-provider.spec.ts:147:1 › credential-store provider answers the guest through the canonical resolver (3.4s)
  ✓   2 [chromium] › e2e/rune-guest-lounge-phase1.2-polish.spec.ts:135:5 › 390 dark: six exchanges, adaptive height and inline states (4.7s)
  ✓   3 [chromium] › e2e/rune-guest-lounge-phase1.1-provider.spec.ts:190:1 › no provider keeps the calm fallback and sends nothing (3.2s)
  ✓   4 [chromium] › e2e/rune-guest-lounge-phase1.2-polish.spec.ts:135:5 › 390 light: six exchanges, adaptive height and inline states (4.2s)
  ✓   5 [chromium] › e2e/rune-guest-lounge-phase1.1-provider.spec.ts:207:1 › disabled provider keeps the calm fallback and sends nothing (3.2s)
  ✓   6 [chromium] › e2e/rune-guest-lounge-phase1.2-polish.spec.ts:135:5 › 430 dark: six exchanges, adaptive height and inline states (4.2s)
  ✓   7 [chromium] › e2e/rune-guest-lounge-phase1.1-provider.spec.ts:223:1 › missing credential fails safely without pretending success (3.6s)
  ✓   8 [chromium] › e2e/rune-guest-lounge-phase1.2-polish.spec.ts:135:5 › 430 light: six exchanges, adaptive height and inline states (4.3s)
  ✓   9 [chromium] › e2e/rune-guest-lounge-phase1.1-provider.spec.ts:247:1 › in-memory credential does not survive reload and the guest stays calm (7.0s)
  ✓  10 [chromium] › e2e/rune-guest-lounge-phase1.2-polish.spec.ts:135:5 › 1440 dark: six exchanges, adaptive height and inline states (4.8s)
  ✓  11 [chromium] › e2e/rune-guest-lounge-phase1.1-provider.spec.ts:274:1 › unlock destroys the guest session and never migrates it (4.5s)
  ✓  12 [chromium] › e2e/rune-guest-lounge-phase1.2-polish.spec.ts:135:5 › 1440 light: six exchanges, adaptive height and inline states (4.8s)
  ✓  13 [chromium] › e2e/rune-guest-lounge-phase1.spec.ts:165:5 › 390×844 light: trigger and lounge preserve frozen gate geometry (3.6s)
  ✓  14 [chromium] › e2e/rune-guest-lounge-phase1.2-polish.spec.ts:232:1 › short viewport and reduced motion keep composer and keyboard controls reachable (3.1s)
(node:73805) Warning: The 'NO_COLOR' env is ignored due to the 'FORCE_COLOR' env being set.
(Use `node --trace-warnings ...` to show where the warning was created)
  ✓  15 [chromium] › e2e/rune-guest-lounge-phase1.spec.ts:165:5 › 390×844 dark: trigger and lounge preserve frozen gate geometry (3.8s)
  ✓  16 [webkit] › e2e/rune-guest-lounge-phase1.1-provider.spec.ts:147:1 › credential-store provider answers the guest through the canonical resolver (4.2s)
  ✓  17 [chromium] › e2e/rune-guest-lounge-phase1.spec.ts:165:5 › 430×932 light: trigger and lounge preserve frozen gate geometry (3.6s)
  ✓  18 [webkit] › e2e/rune-guest-lounge-phase1.1-provider.spec.ts:190:1 › no provider keeps the calm fallback and sends nothing (3.3s)
  ✓  19 [chromium] › e2e/rune-guest-lounge-phase1.spec.ts:165:5 › 430×932 dark: trigger and lounge preserve frozen gate geometry (3.6s)
  ✓  20 [webkit] › e2e/rune-guest-lounge-phase1.1-provider.spec.ts:207:1 › disabled provider keeps the calm fallback and sends nothing (3.3s)
  ✓  21 [chromium] › e2e/rune-guest-lounge-phase1.spec.ts:165:5 › 1440×900 light: trigger and lounge preserve frozen gate geometry (3.7s)
  ✓  22 [webkit] › e2e/rune-guest-lounge-phase1.1-provider.spec.ts:223:1 › missing credential fails safely without pretending success (3.7s)
  ✓  23 [chromium] › e2e/rune-guest-lounge-phase1.spec.ts:165:5 › 1440×900 dark: trigger and lounge preserve frozen gate geometry (3.8s)
  ✓  24 [webkit] › e2e/rune-guest-lounge-phase1.1-provider.spec.ts:247:1 › in-memory credential does not survive reload and the guest stays calm (7.1s)
  ✓  25 [chromium] › e2e/rune-guest-lounge-phase1.spec.ts:231:1 › ephemeral transport sends only guest session context and reload clears it (6.5s)
  ✓  26 [webkit] › e2e/rune-guest-lounge-phase1.1-provider.spec.ts:274:1 › unlock destroys the guest session and never migrates it (4.5s)
  ✓  27 [chromium] › e2e/rune-guest-lounge-phase1.spec.ts:289:1 › successful unlock destroys the guest session without migrating it to Chat (4.6s)
  ✓  28 [webkit] › e2e/rune-guest-lounge-phase1.2-polish.spec.ts:135:5 › 390 dark: six exchanges, adaptive height and inline states (4.5s)
  ✓  29 [chromium] › e2e/rune-guest-lounge-phase1.spec.ts:317:1 › unconfigured provider stays calm and returns focus to Login Gate (3.2s)
  ✓  31 [chromium] › e2e/rune-guest-lounge-phase1.spec.ts:333:1 › provider failure keeps the ephemeral session and never exposes a raw error (3.7s)
(node:73916) Warning: The 'NO_COLOR' env is ignored due to the 'FORCE_COLOR' env being set.
(Use `node --trace-warnings ...` to show where the warning was created)
  ✓  30 [webkit] › e2e/rune-guest-lounge-phase1.2-polish.spec.ts:135:5 › 390 light: six exchanges, adaptive height and inline states (4.5s)
  ✓  32 [webkit] › e2e/rune-guest-lounge-phase1.spec.ts:165:5 › 390×844 light: trigger and lounge preserve frozen gate geometry (4.0s)
  ✓  33 [webkit] › e2e/rune-guest-lounge-phase1.2-polish.spec.ts:135:5 › 430 dark: six exchanges, adaptive height and inline states (4.5s)
  ✓  34 [webkit] › e2e/rune-guest-lounge-phase1.spec.ts:165:5 › 390×844 dark: trigger and lounge preserve frozen gate geometry (3.9s)
  ✓  35 [webkit] › e2e/rune-guest-lounge-phase1.2-polish.spec.ts:135:5 › 430 light: six exchanges, adaptive height and inline states (4.5s)
  ✓  36 [webkit] › e2e/rune-guest-lounge-phase1.spec.ts:165:5 › 430×932 light: trigger and lounge preserve frozen gate geometry (3.8s)
  ✓  37 [webkit] › e2e/rune-guest-lounge-phase1.2-polish.spec.ts:135:5 › 1440 dark: six exchanges, adaptive height and inline states (4.8s)
  ✓  38 [webkit] › e2e/rune-guest-lounge-phase1.spec.ts:165:5 › 430×932 dark: trigger and lounge preserve frozen gate geometry (3.7s)
  ✓  39 [webkit] › e2e/rune-guest-lounge-phase1.2-polish.spec.ts:135:5 › 1440 light: six exchanges, adaptive height and inline states (4.9s)
  ✓  40 [webkit] › e2e/rune-guest-lounge-phase1.spec.ts:165:5 › 1440×900 light: trigger and lounge preserve frozen gate geometry (3.9s)
  ✓  41 [webkit] › e2e/rune-guest-lounge-phase1.2-polish.spec.ts:232:1 › short viewport and reduced motion keep composer and keyboard controls reachable (3.3s)
  ✓  42 [webkit] › e2e/rune-guest-lounge-phase1.spec.ts:165:5 › 1440×900 dark: trigger and lounge preserve frozen gate geometry (4.1s)
  ✓  43 [webkit] › e2e/rune-guest-lounge-phase1.spec.ts:231:1 › ephemeral transport sends only guest session context and reload clears it (6.7s)
  ✓  44 [webkit] › e2e/rune-guest-lounge-phase1.spec.ts:289:1 › successful unlock destroys the guest session without migrating it to Chat (4.8s)
  ✓  45 [webkit] › e2e/rune-guest-lounge-phase1.spec.ts:317:1 › unconfigured provider stays calm and returns focus to Login Gate (3.6s)
  ✓  46 [webkit] › e2e/rune-guest-lounge-phase1.spec.ts:333:1 › provider failure keeps the ephemeral session and never exposes a raw error (3.7s)

  46 passed (1.8m)
